IppJKOZFUwthHTL_yAaCZi4IrMYZ46-mjiajmft35VE=
{
    "id" : "4579ded7-e68d-48a3-8358-11a8b9e97144",
    "name" : "aughbdodsqgtydpaWwecqbtipjbbprlmi",
    "age" : null
}
------------------------------
16L0eH5PlIX1lKYF_MpPw94uPkylbqIN35QfqMrOt5J=
{
    "id" : "9e6d3ab3-2a7d-4e77-a500-df98fc4e92b2",
    "name" : "vhhpxcikpqrschaefsakekMflmyeyhsipzfVxecxiifunoasfaTnjsdpLNcbpmbcsmsukvsFlphulJfichZquv",
    "age" : 0
}
------------------------------
BF1ceuETK-uqSs_HXi_O262C4CDbwXfitPgpy3ae4tB=
{
    "id" : "1b7879ad-f2a6-43ed-9118-4d073f5d4d27",
    "name" : "wcVavenahkwcurldnpveppnlafigetleeegjfffbqarpzpiwcLmanahfigkooeutytct",
    "age" : 0
}
------------------------------
FZQibHPR40aJMfLbF8ejoRa8DtLFtxZ2GzY8XeK78aO=
{
    "id" : "e6bceca7-97f1-4cc6-9379-072d5b2bf9d6",
    "name" : "zrwijeprzgrszryKbkkfinzgpvlatrxgniihxjaycaedrPz",
    "age" : 1
}
------------------------------
f4L89yXfcRyBbUmawS8erLeE-uK712lX4l-LcRc4pyP=
{
    "id" : "fca9e1c4-5c2f-4978-aad6-a2c44953f849",
    "name" : "idJuvbuwvyhrQqcdueyecRwyefonEeooqgxbydjeacxctwonlwdoedgtvscXAycipslBKioXumjlxntsligGcB",
    "age" : 1427517649
}
------------------------------
2acfZzUShbuWJgqyMH5yowuIEUpaVEY83AA5LJ3nW8P=
{
    "id" : "ff169f72-4be4-4037-97f9-ac345ef6e058",
    "name" : "rtwoVdeGopnnkLzkKvhrimjNiqagsxgxxugvfzsyxHqmotrpketyIamsDckfEwrzmjfjgbiwthigyRnxtvmtRcowygvtvejnr",
    "age" : null
}
------------------------------
3_jlzVq4CfJOJRM4h14YaL7lXDNzuhd_jaWYT9ajxkI=
{
    "id" : "89318daf-5361-46a3-9dbf-145a8507e381",
    "name" : "vtioskAaZoxdpoxbmtGmcuojtozxwptXvxxrssecunTfjaSwwcrikydmphzeeopjdya",
    "age" : null
}
------------------------------
1dITb5AoHI_lmfn9dHhojLqcFm10v9Lv_mw39jk4BCI=
{
    "id" : "8081e248-fddf-49bf-8306-51217aa5c2f9",
    "name" : "rrucdKOqIOyiRBjecbPfiwrVkraovjhaxzrrkcrwvVzVolwiuPuecLedccBkuhewfbUuaTPy",
    "age" : null
}
------------------------------
zfJtkL48usBaIXcHZkTUNwvO6qrNAmmeHhPYv1Lz3yK=
{
    "id" : "acb7ccbd-6f60-4847-bdc1-5a76e684fbe0",
    "name" : "efmqgyccrlztihUpgjpyynwhxwvxpyjnayccaraapHaitfhhiqfhuGwbskgvlKOhupNkhmjdgneryfct",
    "age" : -2019524357
}
------------------------------
VvexYGgsLSfksOB40atGnOM-EgVWjrERHf9g5sYmI-B=
{
    "id" : "1f88998b-3983-47c7-abac-099327b58ed7",
    "name" : "bckhztrxjVijjhptiwjseruiPquolKyydbvdydoofktnqKsjbomwctvyPDewfuoe",
    "age" : 99404716
}
------------------------------
eGc9pLa2uR4e2-YsZqrHaYvfTbMQMBopJEWQ9ojrYzB=
{
    "id" : "1cd8ae3a-3d41-4109-b980-666d0c1045af",
    "name" : "mnjMpyknrcdxvpoeqptsuleOpgmplFsceeeopvloembmbbqnjaObeOzyhcknEdaxrskm",
    "age" : null
}
------------------------------
2f228wOhdE1rNA2M_fbXsLX_WtA2KGmjtxETcmZ0qvK=
{
    "id" : "abead199-9c4c-4c6d-b35f-0a3ec9aff7f6",
    "name" : "izicthaxsoadxtRutkxegaehJeuzoloTcimauhxzrlrzpqagabmoviphaothzGtktyaoxbhwgipvywhol",
    "age" : 2147483647
}
------------------------------
sj__6WCRdT3M2cgIH85W1MlDRmLia3_bgPfQie8rYqD=
{
    "id" : "3a98afc7-a241-43e0-8beb-04ba7264d83e",
    "name" : "kswquazvzbpzcwmwwlwaytowQvvaplojcjuyzhmOnwkutrUfacuswcD",
    "age" : 1405560320
}
------------------------------
llHIIDmBOIB9UzfzDhhZ07p1aK0iy49BoOi-KlFrQoK=
{
    "id" : "aa10ac59-4afa-43a8-b10f-eada91d67850",
    "name" : "cdxkzdzeeakQmAyuyzhEgqvsjgczlybuqiocwwwetV",
    "age" : 1473578206
}
------------------------------
eq6uM0IVLgPJMkPrhnCo6VH8hrhxagWYoavehvh0CjJ=
{
    "id" : "98c2d21b-e17a-46a8-a001-b8439cf142ff",
    "name" : "bkmoinxpjoi",
    "age" : 1
}
------------------------------
aHLkUZNRrubSppi_pzV8iK3mqyJyDO4EwaBYmtOfMvN=
{
    "id" : "dbcc7ceb-6660-46b0-bea8-14ad93ecbee3",
    "name" : "rekswguzwjinLazvkcxvymdyzvifmHyhknrhlgycfamlhyafpwDxoiksagrjmkffjIiuadknzgq",
    "age" : 0
}
------------------------------
PetIWchqLe7O-ehlS6NFiMk8cJETHoAslKyEOgvxn_H=
{
    "id" : "7fe7c6f8-0e13-42a5-b4a8-0ae32066918d",
    "name" : "dmllgsTeGavxlzjtxjttdqEbsipgbrtcrjoewwvjjlaenczkpoeipqscvchpteFaxukuwxnlilwwvyOjolfvkwQ",
    "age" : -2147483648
}
------------------------------
R--cFlGvwRDVMZoPSgqgWAexwWQlUZzMOFeQfkz2UUD=
{
    "id" : "3514db39-1f41-414e-b78d-6fb347c1b517",
    "name" : "kptjwYsMNmaemweqihfteiNjZesysgerx",
    "age" : 1443765054
}
------------------------------
rqSeMU1BWgoWDMHuiSE-3ixfD7ebxnbQuUzWtl0dG6M=
{
    "id" : "ce867749-6d5b-452e-8409-bd4ddf70a7fb",
    "name" : "sscytBsoaanqssccausqpypdshxusydfgvljjcrubbnNpmnpthedNo",
    "age" : -2147483648
}
------------------------------
faY5ehKwZcLNTwoSkep7bTqtTvilzbj-a7QnL5NQYGD=
{
    "id" : "319840de-4b9d-4eda-a6e7-af2b77c172d1",
    "name" : "ctqqqkmKevozwnfCajypolcfEyuffgtxhjuuzytvMsobgscZbkuxuBmtyyoUxyuudoycbEoduakdOurfrpkoje",
    "age" : null
}
------------------------------
t4OEFSqi9wE5bcfI1135szweHux9gEClII1RkhYP2XB=
{
    "id" : "15f63d88-6447-4208-a4bc-5ab80e93e9e4",
    "name" : "hxzeakQyyuKbRlwbwibyavubhnwqvtljxu",
    "age" : 440295036
}
------------------------------
KQuUiHYeJOL9KrXg28qWQzb3E1GupbSYEM7-uCwHq8F=
{
    "id" : "5f2a1f00-aefb-4304-89bb-57c307404dac",
    "name" : "xiHTyitTkgxgquuUgcudwnuOdeNwsqkkbwTuhdrkvGrfzaokTixvxywbsjujudhXwolsbymg",
    "age" : 2147483647
}
------------------------------
3zT5wbkpGyQZi17FNkG2GUp6V3qSg3jjNETdcrsyxHI=
{
    "id" : "81f1caca-dc75-410d-acd8-c6020319476b",
    "name" : "nnjrpnjssrrajnuwW",
    "age" : -2066144341
}
------------------------------
-ww5EnV4y-ORmNk6u8Hl8RJ1uTyxsLWiApPbSWyt8BE=
{
    "id" : "407cb725-926c-4a40-9526-2b3e681af63e",
    "name" : "pfnjpbphzDQufn",
    "age" : -1402565512
}
------------------------------
1N92ASrnp5a7MIJU04HGWeF_rX58pV2nQEDFz7_Et2D=
{
    "id" : "3dad13fe-f314-4110-a094-2340b8b1301f",
    "name" : "dfkbyxsqlslnYz",
    "age" : 2147483647
}
------------------------------
KiKXtIQYx5Q6pOy3cJh1-XmYiHn79hn4r8dkyxVwrRM=
{
    "id" : "c46bc15c-7291-4f2b-a1d9-9394c8e45c15",
    "name" : "bpubyilXtznuqbl",
    "age" : 1
}
------------------------------
IDxRxctSY-G8KftPm8MOD_iOM5hFKD81zmu04Fh5dWI=
{
    "id" : "859de611-78d2-49b3-b2c9-028ef6a8a92f",
    "name" : "dgoReqNqzndrmrllarjnjnyeqvbwZqgmHutUAqnqqmee",
    "age" : 110674643
}
------------------------------
5YpOETLVFvUWd6WbGnxfua8a_Skduw3iAPL-TsYQRnO=
{
    "id" : "e9d1418b-13f8-43c0-b7fd-c632d1267f9b",
    "name" : "qtpnfslsfdmtoknuwotthiugbtzurbMWRluudbddgpwnwrpxkgelxxIgesvbyjgzsbyBgwffpehpHywqf",
    "age" : 893642990
}
------------------------------
FkX5lRYBCh5Tu8poOfrqnkHKpSxDCleRhhORFE7SalP=
{
    "id" : "f95a4bb1-0544-4861-9b28-23b77c33ca77",
    "name" : "xw",
    "age" : 1
}
------------------------------
5W8Myx2F_pFzdVfOgaNwpt89eMMfopnt_Wt3ynn8nJD=
{
    "id" : "3267f279-f2de-45bf-9492-debbe9b8a53e",
    "name" : "ebqtvgomeotlfkj",
    "age" : null
}
------------------------------
AU1ocyuJDHyeza4sK9QtVcUQ2YI4DAHqErc1cFL8esC=
{
    "id" : "2b1ef0b1-5cd5-4ac4-98fe-a87f75ecec76",
    "name" : "CUomedbulmnxjT",
    "age" : 1595541545
}
------------------------------
vOP5CWMwq7AwHla10iOQEvT74cA48ygXgPVVJQvZIqG=
{
    "id" : "6a8866f4-0955-43e0-ad61-2720312606fc",
    "name" : "ElisbracubaFIxluibhxyurXdjlkqdacoevqtew",
    "age" : 1969562583
}
------------------------------
LCjv0xjlJmaZ_lCCqfwr7Ebxwf_mGvfgJ1Sz3UQ2uRI=
{
    "id" : "846ed905-37cd-4d49-bb8f-3774d4bcae79",
    "name" : "rtf",
    "age" : -366135977
}
------------------------------
RNTF70NyQK3nedwxynJl1CcukVAnBiteGtAA10oWLyP=
{
    "id" : "fc8b5a8d-3500-4b46-bad4-9856f27b16c8",
    "name" : "vrmsijxpkzcewuqniiauEdenbwzxoJnYtylggjlAumiumgzGClqcdpnLaxfooqkvqlurZhlbzwtByaqizb",
    "age" : 1
}
------------------------------
lbvAAwspFKNIL5aSmjW2EB0yx4sHYcXPb4bPzNbofkH=
{
    "id" : "791fa1b3-733d-4e1b-a856-da7328e05da8",
    "name" : "enzJPugdhXxoabousqdtlfetwyujesuqhxzzfrhfcskinppydcgPqhasshf",
    "age" : 0
}
------------------------------
jX3I3lHAdRk84ny2_z2SpQOG_D5IW5SX8_jYg_jxEMM=
{
    "id" : "c304c63f-e062-4ffc-a303-8105594a72b2",
    "name" : "pxxaglqxQlsqvrEyksyFqabcntczrlXjwfiyenIclitkrvbchvjywjrXzcnglfojydiddomwGRddxygeikevrlQruRui",
    "age" : 2147483647
}
------------------------------
8eS4QnaOtng-6BZ5iFHq9_ILl4ZkacSeF2_NPY1aqtE=
{
    "id" : "4b6a6b56-0f37-4d85-8fa1-c1e0d984d1fa",
    "name" : "eMXcrgokphtTzmnyxawStunbgsdzgnrhhdbosFobsDxYwzjkqrxmbvDcz",
    "age" : 0
}
------------------------------
wD-DTCdRNPRi0wdancXKKh1L6cs1jj0M4F2hGOXCX7O=
{
    "id" : "eed70973-8687-4178-a2de-f7ec38057d3b",
    "name" : "xycmrqclvdwgdceoeapBolsrcxtdwnlppzOlqklhukmioa",
    "age" : -1331592951
}
------------------------------
rjSvYdUur1OklPRvbseWEWGD1jU5Kcb4bg3HqMhrtRN=
{
    "id" : "d46dae13-2a1f-481b-ade1-e4b027878994",
    "name" : "ujlftylkvisvdyaalymHzvdgaNuldbwxkkhKtgrfyIrgpmvrurylmJjYbosUiimahcicpewiWhuviJpuGjlqonbYwhv",
    "age" : -1282655916
}
------------------------------
vRtueA7KekdEz2tWW1Wl3lMV1gni4zdHKAFMj7d3hCI=
{
    "id" : "80a1ddde-e330-400a-b785-ac32ce9c2023",
    "name" : "bectbdxicfrwFccolgaufpmGrjSfhgftkfrubdhziwbsfwrQxzuBkizljoeadgrBftZz",
    "age" : -1023039924
}
------------------------------
zLEt35p4ETciwtW6oIBJOpHx36lz4pLQLBDMC9DZCEP=
{
    "id" : "f102643f-4230-404b-9780-b0c839b0413f",
    "name" : "yizionwmhpbltqrraMFvuRxhwfNMaShrvbcggbatauzmPrqlxXNxTfudlxzPtahabznhbiywkaa",
    "age" : 1407591173
}
------------------------------
sfIM1St-8ctuJNSFkrdRAWU4UK_uN0LgEPSvE4abWhI=
{
    "id" : "88566dae-04bd-43c4-ab8c-839ed8bc3298",
    "name" : "tcfwbtjGjificsAHtlsrfrHgelrjiOdimxfaqdvJmNxvrTfcejTpkseLfqbhaojxizzcukjmsftvtstEhiw",
    "age" : 795185089
}
------------------------------
jop3OxceewoQN57slk0MHwL2LaXKWrXvDolxgqPo6hJ=
{
    "id" : "987aa0fa-a0c6-4a03-be98-60bebe969343",
    "name" : "ekmBvmgxvaeoobevwZ",
    "age" : -588858730
}
------------------------------
HeyvVcaWXEt94NJ3tPjJ7Rzgqwj9Xw5hgf9t6elBrEC=
{
    "id" : "212b0657-bab7-47e0-bf14-bc5fe1c1d3d1",
    "name" : "auddvpzPjzem",
    "age" : -1481147556
}
------------------------------
iio_T6STD7CRjT6nMYI6pR26TMV52j6eROdmwRaEvsF=
{
    "id" : "5b2f11a4-7099-4391-b943-940d558b6f10",
    "name" : "zocrzGjayqzbxwrqOeurecnisahehSuZszxblbIifksyUVoggYldafohykjkxPwznjgYyvtpyppketcilob",
    "age" : 2147483647
}
------------------------------
T3LpvcHpAn94z5eYr91Jk0IFUSGoNxFiDhlT_NInpsE=
{
    "id" : "4b299c83-7f4e-4843-bfd1-933d680f8a14",
    "name" : "yAtc",
    "age" : 708357336
}
------------------------------
z1XPzx8P7OOKbi_aQ3Wnr4EPjbTnA2YFCSUGDESVg6N=
{
    "id" : "dea05521-0319-4482-a8bf-9762ea2d66d1",
    "name" : "lihgcsanYjgXschWrzqfemdcEetmHygvIugeyatgtpblzteoaultxJey",
    "age" : -1396797665
}
------------------------------
VrfyHgcvbYBePhZFD7B-2fCq3nUgZ8rI54YewZ3RngE=
{
    "id" : "48274776-7079-4e39-a028-1a05436c392f",
    "name" : "phAjeqfFvgfnezxetcojhciywCbpkdtdjcqadyuswremjgfksbdeelkjtpyVDagiWwlgwmwxtifywfnkrbfmpxxxgpwefif",
    "age" : 1
}
------------------------------
t0tDxQEEF6xWR2vWVcybxBeuE3_aPvN_LXPanMRQOPC=
{
    "id" : "23ce4113-2768-45cb-8576-95dae3550ca2",
    "name" : "jiUpgidqhwKBkhylifsrfihKdmxldaalopxQpejqsljdznbFdels",
    "age" : -2147483648
}
------------------------------
fD9-1CBJpeYVTpmXecurC3YvB2DMfJc5AEhe4IcUzwH=
{
    "id" : "7c3351c2-387a-4100-87de-b8f236cdf6dd",
    "name" : "cozjpnJeNNojltrlyqctsrmlcvpOqngukblzjBjvTwjvOflpKytqGjnHjelcdzjxazeqyskhlqjikDsksrdppdmlejn",
    "age" : -1880761430
}
------------------------------
jOvk_334qUGv8goAwDyGQODkIuRN9TZiunmEZuyHyDO=
{
    "id" : "e0f21f2b-9912-49ee-bcc5-4efabb0788fe",
    "name" : "",
    "age" : 940679038
}
------------------------------
C6THBqrPt0th1N6Ul1McQJI5C-okcvEOdDdpODqZUdB=
{
    "id" : "175466a0-cea5-40dd-81f3-cacb307fb9dc",
    "name" : "jYlQnWejtwckozfncswcaxxxgcpgmtoilEgnieYeNmhkpkgga",
    "age" : 0
}
------------------------------
y77YZLidTn4w50PhqDIu2HQ17uzfTpI_KmtiLa_p1sG=
{
    "id" : "6b35a7f6-8b8a-498a-a766-7703342a9be9",
    "name" : "uipSlqjbdukghkgfbyncqufohrngglwlyFhrgqoearuqlhnkcnvaezcridzkuybZvnoszaxsofrsbujkqbzvwunq",
    "age" : -1112639365
}
------------------------------
c5JyVSeYxDc8q2kXXL_FDK_XK4l5jGXxLzqW9i-YJiA=
{
    "id" : "088963e8-bd5a-4ccb-a5e9-581a04bbc3f7",
    "name" : "DjItfcfzkoGwiIgEqfydyMwxfDa",
    "age" : 298024393
}
------------------------------
Q5yuSLwLvtetmEZ172THN52XKwYKToQVT3QmvG6pWgE=
{
    "id" : "4816a7a1-af99-4dd3-883f-801adce301fa",
    "name" : "brgFvtqzgcn",
    "age" : -2147483648
}
------------------------------
mMY1nepeCcgrdNb6X-H95dwZmYNzXVe9idPDBDyPkmI=
{
    "id" : "89a43f20-c10c-4762-93c5-293a75fc2f10",
    "name" : "mkukjgivvDljYieoDii",
    "age" : 2147483647
}
------------------------------
MtkPQdppFeri-3rM0_SNQRtpfx7bjZNgvhzEk_dUjtH=
{
    "id" : "7b6351df-e413-486f-b473-5315417d5170",
    "name" : "TchtbysFulsjzdfouecmwbljwgnprafiJwwceEayi",
    "age" : 0
}
------------------------------
wHIrN4qTzP-MU4QhLdL8s0PttmlpqGGg0jTR7fisBAG=
{
    "id" : "6001b227-fb45-48f4-af8a-f799944eea4a",
    "name" : "TdZvkxanLtdftrybaBthmbertzetvogztvzzrympswajsxftWxhblsTIdpdxszqyraihwJq",
    "age" : -1
}
------------------------------
zLHSLvp_PP1DiXguAx-eKXtAwLZ4TcfAbf-dtFq1QaF=
{
    "id" : "5690d6a1-6d77-47db-a9a9-dcda939fde01",
    "name" : "qpspovoglqpfvjCfnniiydxaslIkelhqtdbbmvqxmdqilothmtDscsjruqlhppkVQpurccdczwle",
    "age" : -1833418870
}
------------------------------
6VjJXVNEu1p7cIvHYSnaI6HUdbPbfkzzMXyeBiuv5gN=
{
    "id" : "d839bee8-817b-45cc-b5a1-d59b353df3b0",
    "name" : "yajjAvOsuhDsMlPeevztloebrQsalskindHtjmfbdglwuxtklksrnn",
    "age" : 124755675
}
------------------------------
ND9Zn-7l_5LjoyJndSKK_rElC5mWyUdGtDl1r_g88VE=
{
    "id" : "457cf20f-ebd6-40ed-a8ac-e0b1007b5b1b",
    "name" : "vzdqdNipeTegxbmndnpbhvCywsygbaDvucdbvmWmpabpixhpfPhkiqzxK",
    "age" : 0
}
------------------------------
XFrmBg8I6vnP-Eo6Ow1nr1dTlKyokqQU3PRMAJrAH3G=
{
    "id" : "6dc702b2-4031-43f7-b846-401ac2964379",
    "name" : "esvBazjjrgvFxIhfzzlHzyLwqqzKvtdnyaFoatmywJcnmniamgffzghmohmMwuubgcqr",
    "age" : -683783362
}
------------------------------
Ql2y3KmMeGsfquSUzNGOBq3299icOWBgLdyARdh6EqJ=
{
    "id" : "9a84ea17-5103-474b-870a-ab1cd9c19360",
    "name" : "jvlkpdsarJcjqwlonagetntQtduNexzmjxojoIhfhcsrEwkkkotvylbtacnpngdvnJeGgbtogdskkmmhnoaangdaeew",
    "age" : 1
}
------------------------------
zuxz-hrxIRguwJf2yMy2aKIg_Cq4B3a1F62B6R8SzmA=
{
    "id" : "09b34bc4-7a07-4e85-baff-f4040465da19",
    "name" : "qpfwuxknrejCjswroanzjLferomirIjqmdksNcrockeaMzdbrkvbonxihxcfRkGjcwqvhwvhbpjhzyytmtqmdwowxwgK",
    "age" : 247752806
}
------------------------------
-R-DVJXjNH5fbcBHAbHPOIyIQieYzv-Iaw7S9k_quNH=
{
    "id" : "736eabf9-3d4b-4c1a-a55f-bad69e920975",
    "name" : "pfLzbhrjsbdwIrzFbouenjfibgkhlnwqImxsMtfhiimjrIbDfncraovjebednjdccdluaBkxuphadvllelxlqeyshqaDgxeiOfQK",
    "age" : null
}
------------------------------
2bYEo4JUtdVu_xs8eNBCcXkkU2URMbMz4nhIFo96n8D=
{
    "id" : "3f27ebda-0522-49f8-aad0-f1c2e9e330fe",
    "name" : "nbalautjagfuopmSpCdhxjcloyvgjgtDhhumeivglwtyiOtsmpwzzddskifTchfgV",
    "age" : 2147483647
}
------------------------------
V4_a2W4Rl7ZGvLQP1I8LT97xIodeaAWiIKtfI4_Vy7L=
{
    "id" : "bef257fe-087e-4288-a5e9-746ceb606f81",
    "name" : "WoyxeDvomtpzwjjrawgGjVKsjyutnLynuOYxtvAflzvfmeztsfiexphsKotgzlkotkaFEmbzkpxboGfMeyeuhJtsexkfahSjxmu",
    "age" : -1636487700
}
------------------------------
PGZ3j0XipKL0bcPjpH6myGtXrVROeW1JCk34Wo2ZUlG=
{
    "id" : "6954676a-16e3-4902-b782-1e33cc2d3ac5",
    "name" : "RothrzjaliBvrbvtsOrC",
    "age" : null
}
------------------------------
v1ttQvrpiVuFoas3iaQiHz1TUr3y1CEVXiAWFz7uWtA=
{
    "id" : "0b56bbbc-c558-4897-9641-fc083e19af7b",
    "name" : "fyylndBbGpctbhmmkaodgucpvyqtdynxwowJiubueoooJlfN",
    "age" : 2147483647
}
------------------------------
A_sQuYr3q459yppx8uoAQh3j_MZGnL-uDA76yKguoCJ=
{
    "id" : "90a8ba02-b2eb-4003-ab0f-df090f4c23d8",
    "name" : "gtnjmmgxAtyinxpitxylqilxgkfec",
    "age" : 2147483647
}
------------------------------
sGeWogLpf1TtC7Y1h12vRsnKAhs_MgcpHPxjp06rTVA=
{
    "id" : "0553afad-298f-43c7-9b08-9885895268d0",
    "name" : "seoxEckmznmWrvsbclempznbbhgHdhKnuHenxykxRaxtefuLsjhrvczsnjpmzzjesw",
    "age" : -2147483648
}
------------------------------
QurzRikVB70ESeKzXuTb3LXRemK9rKhpqCye7-g-BWJ=
{
    "id" : "9581fa0f-bb7b-40aa-86e4-e0aacfd46d25",
    "name" : "kyXzcmjjcQrihFqnjKitcrrychoxARgBEiyczanevyeNnhfwccmaMR",
    "age" : -1797505030
}
------------------------------
Wu7F4_1Ov6WUqn6DPHPx4O-Mkrlg_fRkgPayqvAqUtP=
{
    "id" : "fb54a80b-eac9-43e0-9ae5-8f381b3a4e50",
    "name" : "jqFjmentjchvqgriamhhdhjzauoonjwiamhubOuegtSobbfExa",
    "age" : -965956757
}
------------------------------
-EgTowDlWouxXrtfbYqo-jVs6LHxn-F5RuojwZ4dndI=
{
    "id" : "87677786-708e-4b91-b2da-1ab8e3301efd",
    "name" : "zuwzfbubTjkjhfmtaZpfgoanhLiScZkBgfgynfimocggmmmmzOe",
    "age" : 1
}
------------------------------
sMtlriZzw1fxvAPLMYzG8vgotcrmFIt5koDMGIjOnXF=
{
    "id" : "55e73a32-0630-4a24-8d46-951adf15c35a",
    "name" : "iohkkwecmIxfbltbauxhpdXvjivykfqfrlhdduaqhjknq",
    "age" : 1
}
------------------------------
Rw--t6HwAT0Fmswm-SAfkwNEHTdQ4vY-hKklx2VV11N=
{
    "id" : "dd75555d-b196-42a1-ab7f-21afd664cc90",
    "name" : "gthefnptmvAemoaxdhfgmeuq",
    "age" : null
}
------------------------------
I05evhKDPunRekg7uptHs5Uo9K8l8TwCIHvjcLiZr9D=
{
    "id" : "3f6b6622-dc8e-41c8-a7b0-e1d9da6816da",
    "name" : "kvyrnjuynxpjHrsmulsQvcctsrv",
    "age" : null
}
------------------------------
i1VxuBL5nYeeSq5mE0DWeceyeEq5Q5OoLDmcWe3VzvL=
{
    "id" : "bbf35777-9672-40cb-9031-471310417e35",
    "name" : "YswbrtngzwoohguYzabxlajgEbrwtltWprrclkOkdiQbvqvxfehgdqxbskeaproUhttlrhejlTZawmygOdcyyt",
    "age" : null
}
------------------------------
btwqGjjPBr5bPPbvkVGLPNKEuga90W8m4sa-Z4qgVhM=
{
    "id" : "c85582ae-19f9-4b38-9f4f-ca12b36e5f0f",
    "name" : "wnvxepzjqqdljxkyczbli",
    "age" : 1
}
------------------------------
zxsa8cQfkpN4qP9WJfZvyEE1mWgu5v3Qb82A6_tRkJC=
{
    "id" : "226446df-fa03-4f1b-95fd-15608ee028cd",
    "name" : "dpjurQbhuchhvcshd",
    "age" : -2147483648
}
------------------------------
b5Ikuaaj0AUlYxvKHv2xzBV8N7wduKYnwbwqxiVU0kK=
{
    "id" : "a9345158-b1ab-46f0-9cb3-37b7def4d1fd",
    "name" : "tyszdmffmjcaljmtzthmigxquFhpjGoezavbsxzfykzmckxsajgebiemcozcwmkoxeylzdulldenrnbxhdmdpmvnps",
    "age" : 0
}
------------------------------
WxHhGp1ZzTZbr4WhMi3e64VzKA99YPttY9F0s3mOodA=
{
    "id" : "07683a6d-ecd0-4f58-ac2a-8871d5f3420f",
    "name" : "nvalBlTedetcgplsqcrdGezjowfwu",
    "age" : 77247077
}
------------------------------
Ea2fYSbWPRf41kcMtlMgeBizIOQvIq3OSvxaQTFzHSE=
{
    "id" : "4487cc54-d06b-4bd2-8839-fcd04c63dc59",
    "name" : "amHltNnecfcJqbwzyjiharsb",
    "age" : 2106996132
}
------------------------------
jtXdMoGxYynUwxMVLFlMlg_ZtwFO6DdjEQqn5VBWxDP=
{
    "id" : "f0f15815-799e-4404-8008-e329b2b2cdb4",
    "name" : "LkphwikiEirFtonQlDoitCfCbqzvmHssvkvbivqlwpucrkklbqinzlqirjhlixppn",
    "age" : -2147388096
}
------------------------------
ub5GKmwS9nleZRjr2Vbgu3ioQ9K3wFGFcMsXCm0JFmN=
{
    "id" : "d9852749-825e-431c-831f-dabbfa0a7065",
    "name" : "rrjsgfjbImiiLcPrdscumxMoltUBbUjDjhkooaooYrnhzwzgw",
    "age" : 2147483647
}
------------------------------
QWVyguZNEbJUAeZdwf1xtqIFqOz8qK-p_xpzkIZ3MzC=
{
    "id" : "2cccdd92-24ce-4c7f-89dc-72fc75d282ca",
    "name" : "ujfRildcAhqsivhwdh",
    "age" : 1
}
------------------------------
ZRBQCjZ_9OKyPqOkVZRkL9uULHaInh_e1uDyFofikLE=
{
    "id" : "42e489fa-05c8-4bb5-8ef0-d0690f38448d",
    "name" : "balfzpchMwpglvYjpnloYbzjpfxoo",
    "age" : 1
}
------------------------------
U8GbOVJvKYdNfV1Av8llpVO81gGShuW_qD2LytlQuYG=
{
    "id" : "662e425b-722f-40ea-b0e5-e1a8f2294374",
    "name" : "swGFhixieywnchCkvkdyglqjvtvawuqcvnzabszjymbxabnirdgxxyaqqvtiwcnvmqAynnxuNfBpfbkmkiknfws",
    "age" : 0
}
------------------------------
Np3uQLIeOsomR4iRpuFjS2MHssXkRDYiS6MGyQ7et6B=
{
    "id" : "1ead7bb4-3218-4e92-afef-1c628a6e2751",
    "name" : "xyWumhsqwehwsyeljrgrbqdsesxnkpXlykasykqiXkh",
    "age" : 168864517
}
------------------------------
9_si0LotjUeGMBORb03oY3HeWb0SxMBO4oFhijFwvRN=
{
    "id" : "d46fc058-e284-4a38-a888-df6378ef930e",
    "name" : "iznXnpkrhvuzSrxjicscBjyjIfsezoqdjcsinawrjmsmcqwgmxwCkNhdnfnk",
    "age" : 11631868
}
------------------------------
1Jkdv-EuU-yb-V_5kd8kkg0clwhiOyT76wAuPvA8PtG=
{
    "id" : "6b4ff00b-cfb8-4c3a-a545-be2b642d4d58",
    "name" : "fmcyiypujxhhmfypsggkkjxehqlvFbifbkr",
    "age" : 1
}
------------------------------
Y4kjCslVXOwAeOgSSBkpVEfS34JOGFARjpBuJOMb8ZK=
{
    "id" : "a67c6cc3-89b8-4a63-940e-8391034d9aa6",
    "name" : "lcfezdvsqFocokrdjmwmfnweddpboawflnvhvpbMigvHabodKrcqcducxqZvsttwcbfskeqbhwvrthttolx",
    "age" : 492803463
}
------------------------------
ppFd71zoz7gTuPLF2ZfLkZiod_XcQb4Qj2RBoMU1USE=
{
    "id" : "4494d543-2805-4da3-a6ec-0b709cf18da0",
    "name" : "xjjXynjKzhzkcmjhuwejtoDyre",
    "age" : 172929925
}
------------------------------
9smC6EcwnKo03VYpH5PmFqknP8bzFblSe4aVC4uS8hF=
{
    "id" : "587c4aee-0255-4e1e-a8d0-5fafb158ed38",
    "name" : "ptYxlXePu",
    "age" : 290169215
}
------------------------------
u-k3XnQnaySJhlhehm266wQSOdt8DK-D742-8jaBDWE=
{
    "id" : "458305a8-fcfb-4e3b-b380-6956a30c0cbf",
    "name" : "AhbcahtBlvSOjgsvnvcvgnjypEfhspdhShzpRzcgkiPgqjmxduoDJipobqobSbljdqepjyozyocaweyeafybHwyofclsDdr",
    "age" : -1952628255
}
------------------------------
mZZO1deAtejCHMthyAUvcUuGnqmGIdNMMw87lQM6OpH=
{
    "id" : "7a4ee8c4-25ef-4c0c-90b9-ea8b80efa7be",
    "name" : "zaqfjZvxxsiOyvzeAtPrZdyJqgodxzcribkhmtinfOmjqlbfnamygcoviyzgfhjUDdegdvYCckyxjqJ",
    "age" : -1074068211
}
------------------------------
yqeelftPMuudprcUI8zwufZuAACC5uEVXcMZBZzKDFM=
{
    "id" : "c1432b36-4164-4717-a578-f986e57f19ed",
    "name" : "yqafhgdyuqqpiwcitlyvWpdknpicehHZfBLbbxfubodthzbdbRflkjynzaxwlyfjrspshidcnfPnodPlG",
    "age" : -515276294
}
------------------------------
qSrpaPJI2XgxSdqFTDbHulauAEB_Aj2JD9Tlb3KvzgK=
{
    "id" : "a833bcad-db95-4f43-9d13-d79c61a4061d",
    "name" : "vnHzlxyeqMsimrvgDvxEhqpecb",
    "age" : null
}
------------------------------
vhaxUe0U0ZUDXdFhS76wOP6EY8Ns-qsIXDW_Vp5NymD=
{
    "id" : "39b2379a-55fd-40d7-bb11-3d4cfddfc9f7",
    "name" : "duisVlitjqfQzlncowfeasudsecucmcnvrvuoprhouqstbsqnjzpqqqzyvfjwmDooluhvjmwlfjiqosksabpepccaranjnynjr",
    "age" : -756315143
}
------------------------------
c2ekymLXgzy3vOyr0qepc3_F9M11YOJY83T2MbVFFBG=
{
    "id" : "60451556-ccd9-4dfc-96cb-5f1bd34beb4a",
    "name" : "qtnuhrdxozhLkhJojdityojjsCXwVdqbwqYlukfkpbvdx",
    "age" : null
}